// Jest Snapshot v1, https://goo.gl/fbAQLP

exports[`IText click behaviour cursor animation on editing 1`] = `
[
  "1.000",
  "1.000",
  "1.000",
  "1.000",
  "1.000",
  "1.000",
  "1.000",
  "1.000",
  "1.000",
  "1.000",
  "1.000",
  "1.000",
  "1.000",
  "1.000",
  "1.000",
  "1.000",
  "1.000",
  "1.000",
  "1.000",
  "1.000",
  "1.000",
  "1.000",
  "1.000",
  "1.000",
  "1.000",
  "1.000",
  "1.000",
  "1.000",
  "1.000",
  "1.000",
  "1.000",
  "1.000",
  "1.000",
  "1.000",
  "1.000",
  "1.000",
  "1.000",
  "1.000",
  "1.000",
  "1.000",
  "0.000",
  "1.000",
  "0.996",
  "0.986",
  "0.969",
  "0.944",
  "0.914",
  "0.876",
  "0.833",
  "0.784",
  "0.729",
  "0.669",
  "0.605",
  "0.536",
  "0.463",
  "0.388",
  "0.309",
  "0.228",
  "0.146",
  "0.063",
  "0.000",
  "1.000",
  "0.000",
  "0.001",
  "0.004",
  "0.008",
  "0.014",
  "0.022",
  "0.031",
  "0.043",
  "0.056",
  "0.070",
  "0.086",
  "0.104",
  "0.124",
  "0.145",
  "0.167",
  "0.191",
  "0.216",
  "0.243",
  "0.271",
  "0.300",
  "0.331",
  "0.363",
  "0.395",
  "0.429",
  "0.464",
  "0.500",
  "0.537",
  "0.574",
  "0.612",
  "0.651",
  "0.691",
  "0.731",
  "0.772",
  "0.813",
  "0.854",
  "0.895",
  "0.937",
  "0.979",
  "1.000",
  "0.000",
  "1.000",
  "0.996",
  "0.986",
  "0.969",
  "0.944",
  "0.914",
  "0.876",
  "0.833",
  "0.784",
  "0.729",
  "0.669",
  "0.605",
  "0.536",
  "0.463",
  "0.388",
]
`;
