// Jest Snapshot v1, https://goo.gl/fbAQLP

exports[`ActiveSelection sets coords after attaching to canvas 1`] = `
{
  "bl": Point {
    "x": 100,
    "y": 201,
  },
  "br": Point {
    "x": 201,
    "y": 201,
  },
  "tl": Point {
    "x": 100,
    "y": 100,
  },
  "tr": Point {
    "x": 201,
    "y": 100,
  },
}
`;
