// Vitest Snapshot v1, https://vitest.dev/guide/snapshot.html

exports[`util > exports expected utility functions 1`] = `
{
  "addTransformToObject": "function",
  "animate": "function",
  "animateColor": "function",
  "applyTransformToObject": "function",
  "calcAngleBetweenVectors": "function",
  "calcDimensionsMatrix": "function",
  "calcPlaneChangeMatrix": "function",
  "calcVectorRotation": "function",
  "cancelAnimFrame": "function",
  "capValue": "function",
  "composeMatrix": "function",
  "copyCanvasElement": "function",
  "cos": "function",
  "createCanvasElement": "function",
  "createImage": "function",
  "createRotateMatrix": "function",
  "createScaleMatrix": "function",
  "createSkewXMatrix": "function",
  "createSkewYMatrix": "function",
  "createTranslateMatrix": "function",
  "createVector": "function",
  "crossProduct": "function",
  "degreesToRadians": "function",
  "dotProduct": "function",
  "ease": {
    "defaultEasing": "function",
    "easeInBack": "function",
    "easeInBounce": "function",
    "easeInCirc": "function",
    "easeInCubic": "function",
    "easeInElastic": "function",
    "easeInExpo": "function",
    "easeInOutBack": "function",
    "easeInOutBounce": "function",
    "easeInOutCirc": "function",
    "easeInOutCubic": "function",
    "easeInOutElastic": "function",
    "easeInOutExpo": "function",
    "easeInOutQuad": "function",
    "easeInOutQuart": "function",
    "easeInOutQuint": "function",
    "easeInOutSine": "function",
    "easeInQuad": "function",
    "easeInQuart": "function",
    "easeInQuint": "function",
    "easeInSine": "function",
    "easeOutBack": "function",
    "easeOutBounce": "function",
    "easeOutCirc": "function",
    "easeOutCubic": "function",
    "easeOutElastic": "function",
    "easeOutExpo": "function",
    "easeOutQuad": "function",
    "easeOutQuart": "function",
    "easeOutQuint": "function",
    "easeOutSine": "function",
  },
  "enlivenObjectEnlivables": "function",
  "enlivenObjects": "function",
  "findScaleToCover": "function",
  "findScaleToFit": "function",
  "getBoundsOfCurve": "function",
  "getOrthonormalVector": "function",
  "getPathSegmentsInfo": "function",
  "getPointOnPath": "function",
  "getPointer": "function",
  "getRandomInt": "function",
  "getRegularPolygonPath": "function",
  "getSmoothPathFromPoints": "function",
  "getSvgAttributes": "function",
  "getUnitVector": "function",
  "groupSVGElements": "function",
  "hasStyleChanged": "function",
  "invertTransform": "function",
  "isBetweenVectors": "function",
  "isIdentityMatrix": "function",
  "isTouchEvent": "function",
  "isTransparent": "function",
  "joinPath": "function",
  "loadImage": "function",
  "magnitude": "function",
  "makeBoundingBoxFromPoints": "function",
  "makePathSimpler": "function",
  "matrixToSVG": "function",
  "mergeClipPaths": "function",
  "multiplyTransformMatrices": "function",
  "multiplyTransformMatrixArray": "function",
  "parsePath": "function",
  "parsePreserveAspectRatioAttribute": "function",
  "parseUnit": "function",
  "pick": "function",
  "projectStrokeOnPoints": "function",
  "qrDecompose": "function",
  "radiansToDegrees": "function",
  "removeFromArray": "function",
  "removeTransformFromObject": "function",
  "removeTransformMatrixForSvgParsing": "function",
  "request": "function",
  "requestAnimFrame": "function",
  "resetObjectTransform": "function",
  "rotateVector": "function",
  "saveObjectTransform": "function",
  "sendObjectToPlane": "function",
  "sendPointToPlane": "function",
  "sendVectorToPlane": "function",
  "sin": "function",
  "sizeAfterTransform": "function",
  "string": {
    "capitalize": "function",
    "escapeXml": "function",
    "graphemeSplit": "function",
  },
  "stylesFromArray": "function",
  "stylesToArray": "function",
  "toBlob": "function",
  "toDataURL": "function",
  "toFixed": "function",
  "transformPath": "function",
  "transformPoint": "function",
}
`;
